      3430       2060 match
      3435    2342340 match
     13435    3434290 match
  23232502  343535354 match
      5975    3859034 match
      1930         34 match
        39         13 match
         9          3 match
        14         92 match
       210        124 match
    116150     232704 match
       163        337 match
       181        319 match
       114        386 match
       222        278 match
       365        135 match
       145        355 match
       411         89 match
       305        195 match
       331        169 match
        41        459 match
       384        116 match
        63        437 match
       153        347 match
        26        474 match
       407         93 match
       374        126 match
        27        473 match
        28        472 match
       121        379 match
       208        292 match
       476         24 match
       151        349 match
       353        147 match
       441         59 match
       334        166 match
       309        191 match
       199        301 match
       478         22 match
        93        407 match
        98        402 match
       489         11 match
       116        384 match
       261        239 match
       416         84 match
        94        406 match
        11        489 match
       399        101 match
       263        237 match
        71        429 match
       127        373 match
       449         51 match
       234        266 match
        88        412 match
       117        383 match
       469         31 match
       111        389 match
        11        489 match
        17        483 match
        47        453 match
        93        407 match
       251        249 match
       384        116 match
       236        264 match
       273        227 match
       393        107 match
       170        330 match
       128        372 match
       486         14 match
        79        421 match
       413         87 match
        61        439 match
       156        344 match
       255        245 match
         8        492 match
       461         39 match
       381        119 match
       394        106 match
       447         53 match
       208        292 match
       402         98 match
       237        263 match
       232        268 match
        64        436 match
       223        277 match
       386        114 match
        53        447 match
       222        278 match
       104        396 match
       441         59 match
        14        486 match
       448         52 match
       348        152 match
       312        188 match
        44        456 match
       151        349 match
        41        459 match
       296        204 match
       253        247 match
       370        130 match
       366        134 match
       363        137 match
       150        350 match
       223        277 match
       320        180 match
       123        377 match
       414         86 match
       389        111 match
        73        427 match
       232        268 match
       279        221 match
       242        258 match
        40        460 match
       312        188 match
       421         79 match
        37        463 match
       414         86 match
        18        482 match
       206        294 match
       368        132 match
       472         28 match
       334        166 match
       194        306 match
       117        383 match
       306        194 match
       349        151 match
       145        355 match
       412         88 match
        41        459 match
        41        459 match
       221        279 match
       344        156 match
       262        238 match
        94        406 match
       149        351 match
       296        204 match
       313        187 match
        74        426 match
       471         29 match
       147        353 match
       246        254 match
       304        196 match
       308        192 match
       415         85 match
       405         95 match
       376        124 match
       241        259 match
       432         68 match
        46        454 match
       305        195 match
        44        456 match
       455         45 match
       370        130 match
       293        207 match
        75        425 match
        67        433 match
       406         94 match
       398        102 match
       409         91 match
        51        449 match
        41        459 match
       253        247 match
        21        479 match
       158        342 match
        48        452 match
       415         85 match
       304        196 match
       477         23 match
       389        111 match
       175        325 match
        17        483 match
       303        197 match
       388        112 match
       208        292 match
       444         56 match
       347        153 match
       411         89 match
       129        371 match
       350        150 match
        27        473 match
       117        383 match
       459         41 match
       282        218 match
       233        267 match
       260        240 match
       176        324 match
       173        327 match
       286        214 match
       138        362 match
       476         24 match
       154        346 match
       363        137 match
       174        326 match
       417         83 match
        74        426 match
       257        243 match
       138        362 match
       420         80 match
       215        285 match
       489         11 match
       124        376 match
         5        495 match
       330        170 match
       241        259 match
       310        190 match
        31        469 match
       328        172 match
       481         19 match
       277        223 match
        26        474 match
       157        343 match
       148        352 match
       167        333 match
       497          3 match
       261        239 match
       420         80 match
       358        142 match
       199        301 match
       417         83 match
        45        455 match
       375        125 match
       471         29 match
       463         37 match
        79        421 match
       164        336 match
       175        325 match
       170        330 match
       300        200 match
       124        376 match
       307        193 match
       129        371 match
       165        335 match
       213        287 match
        31        469 match
       385        115 match
       165        335 match
       370        130 match
         8        492 match
       136        364 match
       429         71 match
       316        184 match
       360        140 match
       240        260 match
       187        313 match
       133        367 match
       113        387 match
       248        252 match
        17        483 match
       437         63 match
         1        499 match
        60        440 match
       426         74 match
       446         54 match
       407         93 match
       371        129 match
       290        210 match
       332        168 match
       175        325 match
       324        176 match
       416         84 match
       107        393 match
       448         52 match
       451         49 match
       339        161 match
        93        407 match
       432         68 match
       137        363 match
       223        277 match
        95        405 match
         8        492 match
       269        231 match
       414         86 match
       316        184 match
       455         45 match
        72        428 match
       434         66 match
       415         85 match
       409         91 match
       345        155 match
       271        229 match
       223        277 match
       367        133 match
        56        444 match
       351        149 match
        55        445 match
       428         72 match
       480         20 match
       182        318 match
       442         58 match
         9        491 match
        39        461 match
       432         68 match
       263        237 match
       376        124 match
       451         49 match
       131        369 match
       332        168 match
       320        180 match
       425         75 match
        19        481 match
       320        180 match
       349        151 match
       341        159 match
        81        419 match
       399        101 match
       198        302 match
       482         18 match
       443         57 match
       162        338 match
       147        353 match
       118        382 match
        46        454 match
       404         96 match
       396        104 match
        96        404 match
        98        402 match
       395        105 match
        37        463 match
       407         93 match
       169        331 match
       257        243 match
       332        168 match
       268        232 match
       434         66 match
       163        337 match
        99        401 match
       208        292 match
       253        247 match
       292        208 match
       395        105 match
       196        304 match
        93        407 match
       255        245 match
       190        310 match
       465         35 match
       446         54 match
        23        477 match
        19        481 match
       174        326 match
       370        130 match
        23        477 match
       284        216 match
       171        329 match
       431         69 match
       254        246 match
       192        308 match
        80        420 match
       450         50 match
       404         96 match
       211        289 match
       389        111 match
       213        287 match
        23        477 match
       497          3 match
       345        155 match
        71        429 match
       155        345 match
       409         91 match
        97        403 match
        66        434 match
       253        247 match
       119        381 match
       183        317 match
        27        473 match
        45        455 match
        22        478 match
       366        134 match
       493          7 match
       166        334 match
       358        142 match
       483         17 match
       182        318 match
        73        427 match
        64        436 match
       113        387 match
       239        261 match
       239        261 match
       254        246 match
       128        372 match
       302        198 match
       118        382 match
       383        117 match
       191        309 match
       482         18 match
       333        167 match
       268        232 match
       101        399 match
       163        337 match
       392        108 match
       426         74 match
       362        138 match
       243        257 match
       113        387 match
       375        125 match
       348        152 match
       136        364 match
       438         62 match
       360        140 match
       211        289 match
       342        158 match
       273        227 match
       494          6 match
       260        240 match
       130        370 match
       219        281 match
       242        258 match
       385        115 match
       166        334 match
       274        226 match
       415         85 match
       183        317 match
       310        190 match
        11        489 match
       187        313 match
       417         83 match
       409         91 match
       489         11 match
       298        202 match
         3        497 match
       369        131 match
       355        145 match
       435         65 match
       281        219 match
       427         73 match
        95        405 match
       339        161 match
        46        454 match
        81        419 match
       478         22 match
       302        198 match
        87        413 match
       164        336 match
       345        155 match
       198        302 match
       421         79 match
       300        200 match
       470         30 match
       280        220 match
       136        364 match
       425         75 match
       251        249 match
       395        105 match
       136        364 match
        81        419 match
       309        191 match
       302        198 match
       488         12 match
       451         49 match
        12        488 match
        97        403 match
       321        179 match
       354        146 match
       372        128 match
       360        140 match
       246        254 match
       316        184 match
       383        117 match
       419         81 match
       196        304 match
       465         35 match
       353        147 match
       192        308 match
       441         59 match
        21        479 match
       442         58 match
       218        282 match
       383        117 match
       477         23 match
       337        163 match
       179        321 match
       289        211 match
       135        365 match
       497          3 match
       381        119 match
       270        230 match
       245        255 match
       407         93 match
        72        428 match
       481         19 match
       111        389 match
       155        345 match
        95        405 match
       235        265 match
       338        162 match
       109        391 match
       182        318 match
       448         52 match
       353        147 match
        13        487 match
       122        378 match
        47        453 match
       436         64 match
       140        360 match
       213        287 match
       263        237 match
       442         58 match
       450         50 match
       413         87 match
       423         77 match
       364        136 match
       427         73 match
       358        142 match
       225        275 match
       482         18 match
       370        130 match
       339        161 match
        27        473 match
       154        473 match
